07-01 09:55:40.040 D/AIQuotaLogin(26345): provider=glm resource=https://z.ai/chat
07-01 09:55:42.022 D/AIQuotaLogin(26345): provider=glm resource=https://z.ai/_next/static/media/74fa777cac189696-s.p.ttf
07-01 09:55:42.023 D/AIQuotaLogin(26345): provider=glm resource=https://z.ai/_next/static/media/98320d588ee45fe2-s.p.ttf
07-01 09:55:42.024 D/AIQuotaLogin(26345): provider=glm resource=https://z.ai/_next/static/media/a40c83c38559db55-s.p.ttf
07-01 09:55:42.027 D/AIQuotaLogin(26345): provider=glm resource=https://z.ai/_next/static/media/f3082694476a79c3-s.p.ttf
07-01 09:55:42.030 D/AIQuotaLogin(26345): provider=glm resource=https://z.ai/_next/static/css/bde391a2dc0c5f50.css
07-01 09:55:42.030 D/AIQuotaLogin(26345): provider=glm resource=https://z.ai/_next/static/css/a70e7aab4c4dbcdb.css
07-01 09:55:42.030 D/AIQuotaLogin(26345): provider=glm resource=https://z.ai/_next/static/css/06eee677ceaf36a2.css
07-01 09:55:42.031 D/AIQuotaLogin(26345): provider=glm resource=https://z.ai/_next/static/css/38a00db3df158e74.css
07-01 09:55:42.032 D/AIQuotaLogin(26345): provider=glm resource=https://z.ai/_next/static/css/3730f9ae63252c5f.css
07-01 09:55:42.033 D/AIQuotaLogin(26345): provider=glm resource=https://z.ai/_next/static/css/2177b086ad2c1db5.css
07-01 09:55:42.036 D/AIQuotaLogin(26345): provider=glm resource=https://www.googletagmanager.com/gtag/js?keys=id
07-01 09:55:42.062 D/AIQuotaLogin(26345): provider=glm resource=https://z.ai/_next/static/chunks/webpack-774745fcebbc8a87.js
07-01 09:55:42.065 D/AIQuotaLogin(26345): provider=glm resource=https://z.ai/_next/static/chunks/52bcc53e-060b90e4f28c19f7.js
07-01 09:55:42.066 D/AIQuotaLogin(26345): provider=glm resource=https://z.ai/_next/static/chunks/8106-d02730666dcb8b9a.js
07-01 09:55:42.068 D/AIQuotaLogin(26345): provider=glm resource=https://z.ai/_next/static/chunks/main-app-ba8cdb9db4962606.js
07-01 09:55:42.068 D/AIQuotaLogin(26345): provider=glm resource=https://z.ai/_next/static/chunks/5090-606c6480d2a07138.js
07-01 09:55:42.069 D/AIQuotaLogin(26345): provider=glm resource=https://z.ai/_next/static/chunks/1358-35e6ad417a978a81.js
07-01 09:55:42.069 D/AIQuotaLogin(26345): provider=glm resource=https://z.ai/_next/static/chunks/4385-bf59bbcbdd5c4cb8.js
07-01 09:55:42.069 D/AIQuotaLogin(26345): provider=glm resource=https://z.ai/_next/static/chunks/3126-0c2e709614a8fce7.js
07-01 09:55:42.070 D/AIQuotaLogin(26345): provider=glm resource=https://z.ai/_next/static/chunks/1979-abfd6cd997875590.js
07-01 09:55:42.070 D/AIQuotaLogin(26345): provider=glm resource=https://z.ai/_next/static/chunks/389-cec8c4baf567a095.js
07-01 09:55:42.070 D/AIQuotaLogin(26345): provider=glm resource=https://z.ai/_next/static/chunks/3581-62c7b103ece6917a.js
07-01 09:55:42.073 D/AIQuotaLogin(26345): provider=glm resource=https://z.ai/_next/static/chunks/app/[locale]/page-3454e96dedaa2f07.js
07-01 09:55:42.073 D/AIQuotaLogin(26345): provider=glm resource=https://z.ai/_next/static/chunks/023c1e32-edc217937ce9565a.js
07-01 09:55:42.074 D/AIQuotaLogin(26345): provider=glm resource=https://z.ai/_next/static/chunks/7014-920ab5fa231b1646.js
07-01 09:55:42.075 D/AIQuotaLogin(26345): provider=glm resource=https://z.ai/_next/static/chunks/6866-f4f5d0ba8ff8ba6a.js
07-01 09:55:42.076 D/AIQuotaLogin(26345): provider=glm resource=https://z.ai/_next/static/chunks/7073-1dc850bdca5f4b3b.js
07-01 09:55:42.079 D/AIQuotaLogin(26345): provider=glm resource=https://z.ai/_next/static/chunks/3601-acc5a58b8f9dcb1f.js
07-01 09:55:42.080 D/AIQuotaLogin(26345): provider=glm resource=https://z.ai/_next/static/chunks/7923-c1d174e27010fdea.js
07-01 09:55:42.080 D/AIQuotaLogin(26345): provider=glm resource=https://z.ai/_next/static/chunks/1840-85f6a39ffe848586.js
07-01 09:55:42.080 D/AIQuotaLogin(26345): provider=glm resource=https://z.ai/_next/static/chunks/2337-0720e5b49ccd9af0.js
07-01 09:55:42.081 D/AIQuotaLogin(26345): provider=glm resource=https://z.ai/_next/static/chunks/7368-24d21e801857a37e.js
07-01 09:55:42.081 D/AIQuotaLogin(26345): provider=glm resource=https://z.ai/_next/static/chunks/156-620d5eaa0de405b3.js
07-01 09:55:42.082 D/AIQuotaLogin(26345): provider=glm resource=https://z.ai/_next/static/chunks/4129-5b016b7f4cb7e10f.js
07-01 09:55:42.083 D/AIQuotaLogin(26345): provider=glm resource=https://z.ai/_next/static/chunks/4945-ab7f1b51380da770.js
07-01 09:55:42.084 D/AIQuotaLogin(26345): provider=glm resource=https://z.ai/_next/static/chunks/2687-3ab6788441360e84.js
07-01 09:55:42.084 D/AIQuotaLogin(26345): provider=glm resource=https://z.ai/_next/static/chunks/1898-a1832797cc46e1a6.js
07-01 09:55:42.084 D/AIQuotaLogin(26345): provider=glm resource=https://z.ai/_next/static/chunks/3827-fc5e7c25854c8696.js
07-01 09:55:42.086 D/AIQuotaLogin(26345): provider=glm resource=https://z.ai/_next/static/chunks/6051-2d89bcc8bd48c3e0.js
07-01 09:55:42.086 D/AIQuotaLogin(26345): provider=glm resource=https://z.ai/_next/static/chunks/2719-ea0853b306e59c7a.js
07-01 09:55:42.086 D/AIQuotaLogin(26345): provider=glm resource=https://z.ai/_next/static/chunks/app/[locale]/layout-4a60927bd8cdc3cc.js
07-01 09:55:42.086 D/AIQuotaLogin(26345): provider=glm resource=https://z.ai/_next/static/chunks/app/[locale]/error-dfcf8060dc2e423b.js
07-01 09:55:42.542 D/AIQuotaLogin(26345): provider=glm resource=https://z-cdn.chatglm.cn/z-ai/static/logo.svg
07-01 09:55:43.584 D/AIQuotaLogin(26345): provider=glm resource=https://z-cdn.chatglm.cn/z-ai/static/logo.svg
07-01 09:55:43.596 D/AIQuotaLogin(26345): provider=glm resource=https://z-cdn.chatglm.cn/z-ai/static/logo.svg
07-01 09:55:43.660 D/AIQuotaLoginConsole(26345): provider=glm consoleLevel=ERROR line=1
07-01 09:55:43.663 D/AIQuotaLogin(26345): provider=glm resource=https://static.ads-twitter.com/uwt.js
07-01 09:55:43.663 D/AIQuotaLoginConsole(26345): provider=glm consoleLevel=LOG line=1
07-01 09:55:43.668 D/AIQuotaLogin(26345): provider=glm resource=https://api.z.ai/api/biz/userBehaviorTracking
07-01 09:55:43.676 D/AIQuotaLogin(26345): provider=glm resource=https://z.ai/_next/static/chunks/890d931a.4a817e39733f763c.js
07-01 09:55:43.690 D/AIQuotaLogin(26345): provider=glm resource=https://z.ai/api/auth/me
07-01 09:55:43.697 D/AIQuotaLogin(26345): provider=glm resource=https://z.ai/favicon.ico
07-01 09:55:43.731 D/AIQuotaLogin(26345): provider=glm resource=https://z-cdn.chatglm.cn/z-ai/static/logo.svg
07-01 09:55:43.734 D/AIQuotaLogin(26345): provider=glm resource=https://z-cdn.chatglm.cn/z-ai/static/logo.svg
07-01 09:55:43.735 D/AIQuotaLogin(26345): provider=glm resource=https://z-cdn.chatglm.cn/z-ai/static/logo.svg
07-01 09:55:43.735 D/AIQuotaLogin(26345): provider=glm resource=https://z-cdn.chatglm.cn/z-ai/static/logo.svg
07-01 09:55:43.736 D/AIQuotaLogin(26345): provider=glm resource=https://z-cdn.chatglm.cn/z-ai/static/logo.svg
07-01 09:55:43.737 D/AIQuotaLogin(26345): provider=glm resource=https://z-cdn.chatglm.cn/z-ai/static/logo.svg
07-01 09:55:43.834 E/AIQuotaLogin(26345): provider=glm http status=404 url=https://z.ai/favicon.ico
07-01 09:55:43.863 D/AIQuotaLogin(26345): provider=glm resource=https://www.google.com/measurement/conversion?keys=random|cv|tid|fst|fmt|en|gtm|gcd|dma|tag_exp|u_w|u_h
07-01 09:55:43.876 D/AIQuotaLogin(26345): provider=glm resource=https://analytics.google.com/g/collect?keys=v|tid|gtm|_p|_gaz|gcd|npa|dma|_eu|_prs|are|cid
07-01 09:55:43.877 D/AIQuotaLogin(26345): provider=glm resource=https://www.google.co.kr/ads/ga-audiences?keys=v|t|slf_rd|_r|tid|cid|gtm|rcb|aip|dma|gcd|npa
07-01 09:55:43.903 D/AIQuotaLoginConsole(26345): provider=glm consoleLevel=LOG line=1
07-01 09:55:43.939 D/AIQuotaLogin(26345): provider=glm resource=https://z.ai/_next/static/chunks/5790.f420ee43326e4de6.js
07-01 09:55:43.966 D/AIQuotaLoginConsole(26345): provider=glm consoleLevel=LOG line=1
07-01 09:55:44.011 D/AIQuotaLogin(26345): provider=glm resource=https://api.z.ai/api/biz/customer/getCustomerInfo
07-01 09:55:44.096 D/AIQuotaLogin(26345): provider=glm resource=https://z.ai/_next/static/chunks/9055.f0419cf9f6e84e2f.js
07-01 09:55:44.165 D/AIQuotaLogin(26345): provider=glm resource=https://t.co/1/i/adsct?keys=bci|dv|eci|event|event_id|integration|p_id|p_user_id|pl_id|pt|tw_document_href|tw_iframe_status
07-01 09:55:44.166 D/AIQuotaLogin(26345): provider=glm resource=https://analytics.twitter.com/1/i/adsct?keys=bci|dv|eci|event|event_id|integration|p_id|p_user_id|pl_id|pt|tw_document_href|tw_iframe_status
07-01 09:55:44.198 D/AIQuotaLogin(26345): provider=glm resource=https://app.adjust.com/event
07-01 09:55:44.262 D/AIQuotaLogin(26345): provider=glm resource=https://z.ai/_next/static/chunks/7548.e88af7e489a315c4.js
07-01 09:55:44.342 D/AIQuotaLogin(26345): provider=glm resource=https://api.z.ai/api/biz/userBehaviorTracking
07-01 09:55:44.353 D/AIQuotaLogin(26345): provider=glm resource=https://api.z.ai/api/biz/customer/getCustomerInfo
07-01 09:55:44.403 D/AIQuotaLogin(26345): provider=glm resource=https://z.ai/_next/static/chunks/3561.b9904dbd20245696.js
07-01 09:55:44.546 D/AIQuotaLogin(26345): provider=glm resource=https://z.ai/_next/static/chunks/2083.2db3b12f0db8ca4a.js
07-01 09:55:44.748 D/AIQuotaLogin(26345): provider=glm resource=https://zhipuaishengchan.datasink.sensorsdata.cn/sa.gif?keys=project|token|data|ext
07-01 09:55:44.750 D/AIQuotaLogin(26345): provider=glm resource=https://zhipuaishengchan.datasink.sensorsdata.cn/sa.gif?keys=project|token|data|ext
07-01 09:55:44.750 D/AIQuotaLogin(26345): provider=glm resource=https://zhipuaishengchan.datasink.sensorsdata.cn/sa.gif?keys=project|token|data|ext
07-01 09:55:44.794 D/AIQuotaLogin(26345): provider=glm resource=https://api.z.ai/api/biz/label/whitelist/check?keys=labelValue
07-01 09:55:44.794 D/AIQuotaLogin(26345): provider=glm resource=https://api.z.ai/api/biz/customerService/zaiUserInfo
07-01 09:55:45.065 D/AIQuotaLogin(26345): provider=glm resource=https://app.adjust.com/event
07-01 09:55:45.076 D/AIQuotaLogin(26345): provider=glm resource=https://api.z.ai/api/biz/customerService/zaiUserInfo
07-01 09:55:45.077 D/AIQuotaLogin(26345): provider=glm resource=https://api.z.ai/api/biz/label/whitelist/check?keys=labelValue
07-01 09:55:45.391 D/AIQuotaLogin(26345): provider=glm resource=https://api.z.ai/api/biz/userBehaviorTracking
07-01 09:55:45.392 D/AIQuotaLogin(26345): provider=glm resource=https://zhipuaishengchan.datasink.sensorsdata.cn/sa.gif?keys=project|token|data|ext
07-01 09:55:45.392 D/AIQuotaLogin(26345): provider=glm resource=https://zhipuaishengchan.datasink.sensorsdata.cn/sa.gif?keys=project|token|data|ext
